// Jest Snapshot v1, https://goo.gl/fbAQLP

exports[`Counter should match the snapshot 1`] = `
<DocumentFragment>
  <div>
    <p
      data-testid="counterValue"
    >
      0
    </p>
    <button
      data-testid="plusButton"
      type="button"
    >
      +
    </button>
    <button
      data-testid="minusButton"
      type="button"
    >
      -
    </button>
  </div>
</DocumentFragment>
`;
